// Jest Snapshot v1, https://goo.gl/fbAQLP

exports[`Field Field: renders correctly 1`] = `
<div>
  Loading
</div>
`;
